<html>
<body>
<pre>
<h1>µVision Build Log</h1>
<h2>Tool Versions:</h2>
IDE-Version: µVision V5.30.0.0
Copyright (C) 2020 ARM Ltd and ARM Germany GmbH. All rights reserved.
License Information: Zachary Swanson, Doane University, LIC=----
 
Tool Versions:
Toolchain:       MDK-Lite  Version: 5.30.0.0
Toolchain Path:  C:\Keil_v5\ARM\ARMCLANG\Bin
C Compiler:      ArmClang.exe V6.14
Assembler:       Armasm.exe V6.14
Linker/Locator:  ArmLink.exe V6.14
Library Manager: ArmAr.exe V6.14
Hex Converter:   FromElf.exe V6.14
CPU DLL:         SARMCM3.DLL V5.30.0.0
Dialog DLL:      DCM.DLL V1.17.3.0
Target DLL:      STLink\ST-LINKIII-KEIL_SWO.dll V3.0.7.0
Dialog DLL:      TCM.DLL V1.42.0.0
 
<h2>Project:</h2>
C:\Users\zswan\Documents\git-repos\RTOS_GroundUp\CMSIS_IO\CMSIS_IO.uvprojx
Project File Date:  07/04/2020

<h2>Output:</h2>
*** Using Compiler 'V6.14', folder: 'C:\Keil_v5\ARM\ARMCLANG\Bin'
Build target 'Target 1'
delay.c(4): warning: no newline at end of file [-Wnewline-eof]
}
 ^
delay.c(1): warning: no previous prototype for function 'delay' [-Wmissing-prototypes]
void delay(int time) {
     ^
delay.c(1): note: declare 'static' if the function is not intended to be used outside of this translation unit
void delay(int time) {
^
static 
2 warnings generated.
compiling delay.c...
main.c(3): warning: In file included from...
./delay.h(6): warning: no newline at end of file [-Wnewline-eof]
#endif
      ^
main.c(4): warning: In file included from...
./io.h(24): warning: no newline at end of file [-Wnewline-eof]
#endif
      ^
main.c(28): warning: 'return' will never be executed [-Wunreachable-code-return]
        return 0;
               ^
3 warnings generated.
compiling main.c...
io.c(3): warning: In file included from...
./io.h(24): warning: no newline at end of file [-Wnewline-eof]
#endif
      ^
io.c(4): warning: In file included from...
./delay.h(6): warning: no newline at end of file [-Wnewline-eof]
#endif
      ^
2 warnings generated.
compiling io.c...
linking...
Program Size: Code=572 RO-data=424 RW-data=0 ZI-data=1632  
".\Objects\CMSIS_IO.axf" - 0 Error(s), 7 Warning(s).

<h2>Software Packages used:</h2>

Package Vendor: ARM
                http://www.keil.com/pack/ARM.CMSIS.5.7.0.pack
                ARM.CMSIS.5.7.0
                CMSIS (Cortex Microcontroller Software Interface Standard)
   * Component: CORE Version: 5.4.0

Package Vendor: Keil
                http://www.keil.com/pack/Keil.STM32F4xx_DFP.2.14.0.pack
                Keil.STM32F4xx_DFP.2.14.0
                STMicroelectronics STM32F4 Series Device Support, Drivers and Examples
   * Component: Startup Version: 2.6.3

<h2>Collection of Component include folders:</h2>
  .\RTE\_Target_1
  C:\Users\zswan\AppData\Local\Arm\Packs\ARM\CMSIS\5.7.0\CMSIS\Core\Include
  C:\Users\zswan\AppData\Local\Arm\Packs\Keil\STM32F4xx_DFP\2.14.0\Drivers\CMSIS\Device\ST\STM32F4xx\Include

<h2>Collection of Component Files used:</h2>

   * Component: ARM::CMSIS:CORE:5.4.0

   * Component: Keil::Device:Startup:2.6.3
      Source file:   MDK\Device\Source\ARM\STM32F411xx_OPT.s
      Include file:  Drivers\CMSIS\Device\ST\STM32F4xx\Include\stm32f4xx.h
      Source file:   Drivers\CMSIS\Device\ST\STM32F4xx\Source\Templates\arm\startup_stm32f411xe.s
      Source file:   MDK\Device\Source\ARM\STM32F4xx_OTP.s
      Source file:   Drivers\CMSIS\Device\ST\STM32F4xx\Source\Templates\system_stm32f4xx.c
Build Time Elapsed:  00:00:02
</pre>
</body>
</html>
