<html>
<body>
<pre>
<h1>µVision Build Log</h1>
<h2>Tool Versions:</h2>
IDE-Version: µVision V5.30.0.0
Copyright (C) 2020 ARM Ltd and ARM Germany GmbH. All rights reserved.
License Information: Zach Swanson, Red Berry Innovations, LIC=----
 
Tool Versions:
Toolchain:       MDK-Lite  Version: 5.30.0.0
Toolchain Path:  C:\Keil_v5\ARM\ARMCLANG\Bin
C Compiler:      ArmClang.exe V6.14
Assembler:       Armasm.exe V6.14
Linker/Locator:  ArmLink.exe V6.14
Library Manager: ArmAr.exe V6.14
Hex Converter:   FromElf.exe V6.14
CPU DLL:         SARMCM3.DLL V5.30.0.0
Dialog DLL:      DCM.DLL V1.17.3.0
Target DLL:      STLink\ST-LINKIII-KEIL_SWO.dll V3.0.7.0
Dialog DLL:      TCM.DLL V1.42.0.0
 
<h2>Project:</h2>
C:\VM_Folder\git-repos\RTOS_GroundUp\KernelInternals\Kernel_Internals.uvprojx
Project File Date:  06/18/2020

<h2>Output:</h2>
*** Using Compiler 'V6.14', folder: 'C:\Keil_v5\ARM\ARMCLANG\Bin'
Build target 'stm32l4'
assembling startup_stm32l476xx.s...
compiling system_stm32l4xx.c...
main.c(35): warning: no previous prototype for function 'SysTick_Handler' [-Wmissing-prototypes]
void SysTick_Handler(void) {
     ^
main.c(35): note: declare 'static' if the function is not intended to be used outside of this translation unit
void SysTick_Handler(void) {
^
static 
main.c(39): warning: no previous prototype for function 'getTick' [-Wmissing-prototypes]
uint32_t getTick(void) {
         ^
main.c(39): note: declare 'static' if the function is not intended to be used outside of this translation unit
uint32_t getTick(void) {
^
static 
main.c(51): warning: no newline at end of file [-Wnewline-eof]
}
 ^
main.c(13): warning: no previous extern declaration for non-static variable 'tick' [-Wmissing-variable-declarations]
volatile uint32_t tick;
                  ^
main.c(13): note: declare 'static' if the variable is not intended to be used outside of this translation unit
volatile uint32_t tick;
         ^
main.c(14): warning: no previous extern declaration for non-static variable '_tick' [-Wmissing-variable-declarations]
volatile uint32_t _tick;
                  ^
main.c(14): note: declare 'static' if the variable is not intended to be used outside of this translation unit
volatile uint32_t _tick;
         ^
5 warnings generated.
compiling main.c...
linking...
Program Size: Code=508 RO-data=408 RW-data=0 ZI-data=1640  
".\Objects\Kernel_Internals.axf" - 0 Error(s), 5 Warning(s).

<h2>Software Packages used:</h2>

Package Vendor: ARM
                http://www.keil.com/pack/ARM.CMSIS.5.7.0.pack
                ARM.CMSIS.5.7.0
                CMSIS (Cortex Microcontroller Software Interface Standard)
   * Component: CORE Version: 5.4.0

Package Vendor: Keil
                https://www.keil.com/pack/Keil.STM32L4xx_DFP.2.4.0.pack
                Keil.STM32L4xx_DFP.2.4.0
                STMicroelectronics STM32L4 Series Device Support, Drivers and Examples
   * Component: Startup Version: 1.3.1

<h2>Collection of Component include folders:</h2>
  .\RTE\_stm32l4
  C:\Users\zswanson\AppData\Local\Arm\Packs\ARM\CMSIS\5.7.0\CMSIS\Core\Include
  C:\Users\zswanson\AppData\Local\Arm\Packs\Keil\STM32L4xx_DFP\2.4.0\Drivers\CMSIS\Device\ST\STM32L4xx\Include

<h2>Collection of Component Files used:</h2>

   * Component: ARM::CMSIS:CORE:5.4.0

   * Component: Keil::Device:Startup:1.3.1
      Include file:  Drivers\CMSIS\Device\ST\STM32L4xx\Include\stm32l4xx.h
      Source file:   Drivers\CMSIS\Device\ST\STM32L4xx\Source\Templates\system_stm32l4xx.c
      Source file:   Drivers\CMSIS\Device\ST\STM32L4xx\Source\Templates\arm\startup_stm32l476xx.s
      Source file:   MDK\Device\Source\ARM\STM32L4xx_DB_OPT.s
Build Time Elapsed:  00:00:03
</pre>
</body>
</html>
